(venv) ➜  vector-role git:(task3) ✗ docker run --privileged=True \
  -v "$(pwd):/opt/vector-role" \
  -w /opt/vector-role \
  -it aragast/netology:latest /bin/bash
[root@3216c40e9a45 vector-role]# ls -la tox.ini tox-requirements.txt
-rw-rw-r-- 1 1001 1001  47 Aug  2 20:42 tox-requirements.txt
-rw-rw-r-- 1 1001 1001 284 Aug  2 20:42 tox.ini
[root@3216c40e9a45 vector-role]# tox
py37-ansible210 create: /opt/vector-role/.tox/py37-ansible210
py37-ansible210 installdeps: -rtox-requirements.txt, ansible<3.0
py37-ansible210 installed: ansible==2.10.7,ansible-base==2.10.17,ansible-compat==1.0.0,arrow==1.2.3,bcrypt==4.2.1,binaryornot==0.4.4,cached-property==1.5.2,Cerberus==1.3.8,certifi==2026.7.22,cffi==1.15.1,chardet==5.2.0,charset-normalizer==3.4.9,click==8.1.8,click-help-colors==0.9.4,cookiecutter==2.6.0,cryptography==45.0.7,distro==1.9.0,enrich==1.2.7,idna==3.10,importlib-metadata==6.7.0,Jinja2==3.1.6,jmespath==1.0.1,lxml==5.4.0,markdown-it-py==2.2.0,MarkupSafe==2.1.5,mdurl==0.1.2,molecule==3.6.1,molecule-podman==1.1.0,packaging==24.0,paramiko==2.12.0,pluggy==1.2.0,pycparser==2.21,Pygments==2.17.2,PyNaCl==1.5.0,python-dateutil==2.9.0.post0,python-slugify==8.0.4,PyYAML==6.0.1,requests==2.31.0,rich==13.8.1,selinux==0.2.1,six==1.17.0,subprocess-tee==0.3.5,text-unidecode==1.3,typing_extensions==4.7.1,urllib3==2.0.7,zipp==3.15.0
py37-ansible210 run-test-pre: PYTHONHASHSEED='1292784775'
py37-ansible210 run-test: commands[0] | molecule test -s compatibility --destroy always
/opt/vector-role/.tox/py37-ansible210/lib/python3.7/site-packages/ansible/parsing/vault/__init__.py:44: CryptographyDeprecationWarning: Python 3.7 is no longer supported by the Python core team and support for it is deprecated in cryptography. The next release of cryptography will remove support for Python 3.7.
  from cryptography.exceptions import InvalidSignature
INFO     compatibility scenario test matrix: destroy, syntax, create, prepare, converge, verify, destroy
INFO     Performing prerun...
INFO     Set ANSIBLE_LIBRARY=/root/.cache/ansible-compat/b984a4/modules:/root/.ansible/plugins/modules:/usr/share/ansible/plugins/modules
INFO     Set ANSIBLE_COLLECTIONS_PATH=/root/.cache/ansible-compat/b984a4/collections:/root/.ansible/collections:/usr/share/ansible/collections
INFO     Set ANSIBLE_ROLES_PATH=/root/.cache/ansible-compat/b984a4/roles:/root/.ansible/roles:/usr/share/ansible/roles:/etc/ansible/roles
INFO     Using /root/.ansible/roles/netology.vector_role symlink to current repository in order to enable Ansible to find the role using its expected full name.
INFO     Running compatibility > destroy
INFO     Sanity checks: 'podman'
/opt/vector-role/.tox/py37-ansible210/lib/python3.7/site-packages/ansible/parsing/vault/__init__.py:44: CryptographyDeprecationWarning: Python 3.7 is no longer supported by the Python core team and support for it is deprecated in cryptography. The next release of cryptography will remove support for Python 3.7.
  from cryptography.exceptions import InvalidSignature
Using /root/.cache/molecule/vector-role/compatibility/ansible.cfg as config file

PLAY [Destroy] *****************************************************************

TASK [Populate instance config] ************************************************
/opt/vector-role/.tox/py37-ansible210/lib/python3.7/site-packages/ansible/parsing/vault/__init__.py:44: CryptographyDeprecationWarning: Python 3.7 is no longer supported by the Python core team and support for it is deprecated in cryptography. The next release of cryptography will remove support for Python 3.7.
  from cryptography.exceptions import InvalidSignature
/opt/vector-role/.tox/py37-ansible210/lib/python3.7/site-packages/paramiko/pkey.py:82: CryptographyDeprecationWarning: TripleDES has been moved to cryptography.hazmat.decrepit.ciphers.algorithms.TripleDES and will be removed from cryptography.hazmat.primitives.ciphers.algorithms in 48.0.0.
  "cipher": algorithms.TripleDES,
/opt/vector-role/.tox/py37-ansible210/lib/python3.7/site-packages/paramiko/transport.py:253: CryptographyDeprecationWarning: TripleDES has been moved to cryptography.hazmat.decrepit.ciphers.algorithms.TripleDES and will be removed from cryptography.hazmat.primitives.ciphers.algorithms in 48.0.0.
  "class": algorithms.TripleDES,
ok: [localhost] => {"ansible_facts": {"instance_conf": {}}, "changed": false}

TASK [Dump instance config] ****************************************************
skipping: [localhost] => {"changed": false, "skip_reason": "Conditional result was False"}

PLAY RECAP *********************************************************************
localhost                  : ok=1    changed=0    unreachable=0    failed=0    skipped=1    rescued=0    ignored=0

INFO     Running compatibility > syntax
Using /root/.cache/molecule/vector-role/compatibility/ansible.cfg as config file

playbook: /opt/vector-role/molecule/compatibility/converge.yml
/opt/vector-role/.tox/py37-ansible210/lib/python3.7/site-packages/ansible/parsing/vault/__init__.py:44: CryptographyDeprecationWarning: Python 3.7 is no longer supported by the Python core team and support for it is deprecated in cryptography. The next release of cryptography will remove support for Python 3.7.
  from cryptography.exceptions import InvalidSignature
/opt/vector-role/.tox/py37-ansible210/lib/python3.7/site-packages/paramiko/pkey.py:82: CryptographyDeprecationWarning: TripleDES has been moved to cryptography.hazmat.decrepit.ciphers.algorithms.TripleDES and will be removed from cryptography.hazmat.primitives.ciphers.algorithms in 48.0.0.
  "cipher": algorithms.TripleDES,
/opt/vector-role/.tox/py37-ansible210/lib/python3.7/site-packages/paramiko/transport.py:253: CryptographyDeprecationWarning: TripleDES has been moved to cryptography.hazmat.decrepit.ciphers.algorithms.TripleDES and will be removed from cryptography.hazmat.primitives.ciphers.algorithms in 48.0.0.
  "class": algorithms.TripleDES,
INFO     Running compatibility > create
Using /root/.cache/molecule/vector-role/compatibility/ansible.cfg as config file

PLAY [Create] ******************************************************************

TASK [Populate instance config dict] *******************************************
/opt/vector-role/.tox/py37-ansible210/lib/python3.7/site-packages/ansible/parsing/vault/__init__.py:44: CryptographyDeprecationWarning: Python 3.7 is no longer supported by the Python core team and support for it is deprecated in cryptography. The next release of cryptography will remove support for Python 3.7.
  from cryptography.exceptions import InvalidSignature
/opt/vector-role/.tox/py37-ansible210/lib/python3.7/site-packages/paramiko/pkey.py:82: CryptographyDeprecationWarning: TripleDES has been moved to cryptography.hazmat.decrepit.ciphers.algorithms.TripleDES and will be removed from cryptography.hazmat.primitives.ciphers.algorithms in 48.0.0.
  "cipher": algorithms.TripleDES,
/opt/vector-role/.tox/py37-ansible210/lib/python3.7/site-packages/paramiko/transport.py:253: CryptographyDeprecationWarning: TripleDES has been moved to cryptography.hazmat.decrepit.ciphers.algorithms.TripleDES and will be removed from cryptography.hazmat.primitives.ciphers.algorithms in 48.0.0.
  "class": algorithms.TripleDES,
skipping: [localhost] => {"changed": false, "skip_reason": "Conditional result was False"}

TASK [Convert instance config dict to a list] **********************************
skipping: [localhost] => {"changed": false, "skip_reason": "Conditional result was False"}

TASK [Dump instance config] ****************************************************
skipping: [localhost] => {"changed": false, "skip_reason": "Conditional result was False"}

PLAY RECAP *********************************************************************
localhost                  : ok=0    changed=0    unreachable=0    failed=0    skipped=3    rescued=0    ignored=0

INFO     Running compatibility > prepare
WARNING  Skipping, prepare playbook not configured.
INFO     Running compatibility > converge
Using /root/.cache/molecule/vector-role/compatibility/ansible.cfg as config file

PLAY [Converge] ****************************************************************

TASK [Gathering Facts] *********************************************************
/opt/vector-role/.tox/py37-ansible210/lib/python3.7/site-packages/ansible/parsing/vault/__init__.py:44: CryptographyDeprecationWarning: Python 3.7 is no longer supported by the Python core team and support for it is deprecated in cryptography. The next release of cryptography will remove support for Python 3.7.
  from cryptography.exceptions import InvalidSignature
/opt/vector-role/.tox/py37-ansible210/lib/python3.7/site-packages/paramiko/pkey.py:82: CryptographyDeprecationWarning: TripleDES has been moved to cryptography.hazmat.decrepit.ciphers.algorithms.TripleDES and will be removed from cryptography.hazmat.primitives.ciphers.algorithms in 48.0.0.
  "cipher": algorithms.TripleDES,
/opt/vector-role/.tox/py37-ansible210/lib/python3.7/site-packages/paramiko/transport.py:253: CryptographyDeprecationWarning: TripleDES has been moved to cryptography.hazmat.decrepit.ciphers.algorithms.TripleDES and will be removed from cryptography.hazmat.primitives.ciphers.algorithms in 48.0.0.
  "class": algorithms.TripleDES,
fatal: [instance]: UNREACHABLE! => {"changed": false, "msg": "Failed to create temporary directory.In some cases, you may have been able to authenticate and did not have permissions on the target directory. Consider changing the remote tmp path in ansible.cfg to a path rooted in \"/tmp\", for more error information use -vvv. Failed command was: ( umask 77 && mkdir -p \"` echo ~/.ansible/tmp `\"&& mkdir \"` echo ~/.ansible/tmp/ansible-tmp-1785703798.7257211-159-170498822214135 `\" && echo ansible-tmp-1785703798.7257211-159-170498822214135=\"` echo ~/.ansible/tmp/ansible-tmp-1785703798.7257211-159-170498822214135 `\" ), exited with result 125", "unreachable": true}

PLAY RECAP *********************************************************************
instance                   : ok=0    changed=0    unreachable=1    failed=0    skipped=0    rescued=0    ignored=0

WARNING  Retrying execution failure 4 of: ansible-playbook --inventory /root/.cache/molecule/vector-role/compatibility/inventory --skip-tags molecule-notest,notest /opt/vector-role/molecule/compatibility/converge.yml
CRITICAL Ansible return code was 4, command was: ['ansible-playbook', '--inventory', '/root/.cache/molecule/vector-role/compatibility/inventory', '--skip-tags', 'molecule-notest,notest', '/opt/vector-role/molecule/compatibility/converge.yml']
WARNING  An error occurred during the test sequence action: 'converge'. Cleaning up.
INFO     Running compatibility > cleanup
WARNING  Skipping, cleanup playbook not configured.
INFO     Running compatibility > destroy
Using /root/.cache/molecule/vector-role/compatibility/ansible.cfg as config file

PLAY [Destroy] *****************************************************************

TASK [Populate instance config] ************************************************
/opt/vector-role/.tox/py37-ansible210/lib/python3.7/site-packages/ansible/parsing/vault/__init__.py:44: CryptographyDeprecationWarning: Python 3.7 is no longer supported by the Python core team and support for it is deprecated in cryptography. The next release of cryptography will remove support for Python 3.7.
  from cryptography.exceptions import InvalidSignature
/opt/vector-role/.tox/py37-ansible210/lib/python3.7/site-packages/paramiko/pkey.py:82: CryptographyDeprecationWarning: TripleDES has been moved to cryptography.hazmat.decrepit.ciphers.algorithms.TripleDES and will be removed from cryptography.hazmat.primitives.ciphers.algorithms in 48.0.0.
  "cipher": algorithms.TripleDES,
/opt/vector-role/.tox/py37-ansible210/lib/python3.7/site-packages/paramiko/transport.py:253: CryptographyDeprecationWarning: TripleDES has been moved to cryptography.hazmat.decrepit.ciphers.algorithms.TripleDES and will be removed from cryptography.hazmat.primitives.ciphers.algorithms in 48.0.0.
  "class": algorithms.TripleDES,
ok: [localhost] => {"ansible_facts": {"instance_conf": {}}, "changed": false}

TASK [Dump instance config] ****************************************************
skipping: [localhost] => {"changed": false, "skip_reason": "Conditional result was False"}

PLAY RECAP *********************************************************************
localhost                  : ok=1    changed=0    unreachable=0    failed=0    skipped=1    rescued=0    ignored=0

INFO     Pruning extra files from scenario ephemeral directory
ERROR: InvocationError for command /opt/vector-role/.tox/py37-ansible210/bin/molecule test -s compatibility --destroy always (exited with code 1)
py37-ansible30 create: /opt/vector-role/.tox/py37-ansible30
py37-ansible30 installdeps: -rtox-requirements.txt, ansible<3.1
py37-ansible30 installed: ansible==3.0.0,ansible-base==2.10.17,ansible-compat==1.0.0,arrow==1.2.3,bcrypt==4.2.1,binaryornot==0.4.4,cached-property==1.5.2,Cerberus==1.3.8,certifi==2026.7.22,cffi==1.15.1,chardet==5.2.0,charset-normalizer==3.4.9,click==8.1.8,click-help-colors==0.9.4,cookiecutter==2.6.0,cryptography==45.0.7,distro==1.9.0,enrich==1.2.7,idna==3.10,importlib-metadata==6.7.0,Jinja2==3.1.6,jmespath==1.0.1,lxml==5.4.0,markdown-it-py==2.2.0,MarkupSafe==2.1.5,mdurl==0.1.2,molecule==3.6.1,molecule-podman==1.1.0,packaging==24.0,paramiko==2.12.0,pluggy==1.2.0,pycparser==2.21,Pygments==2.17.2,PyNaCl==1.5.0,python-dateutil==2.9.0.post0,python-slugify==8.0.4,PyYAML==6.0.1,requests==2.31.0,rich==13.8.1,selinux==0.2.1,six==1.17.0,subprocess-tee==0.3.5,text-unidecode==1.3,typing_extensions==4.7.1,urllib3==2.0.7,zipp==3.15.0
py37-ansible30 run-test-pre: PYTHONHASHSEED='1292784775'
py37-ansible30 run-test: commands[0] | molecule test -s compatibility --destroy always
/opt/vector-role/.tox/py37-ansible30/lib/python3.7/site-packages/ansible/parsing/vault/__init__.py:44: CryptographyDeprecationWarning: Python 3.7 is no longer supported by the Python core team and support for it is deprecated in cryptography. The next release of cryptography will remove support for Python 3.7.
  from cryptography.exceptions import InvalidSignature
INFO     compatibility scenario test matrix: destroy, syntax, create, prepare, converge, verify, destroy
INFO     Performing prerun...
INFO     Set ANSIBLE_LIBRARY=/root/.cache/ansible-compat/b984a4/modules:/root/.ansible/plugins/modules:/usr/share/ansible/plugins/modules
INFO     Set ANSIBLE_COLLECTIONS_PATH=/root/.cache/ansible-compat/b984a4/collections:/root/.ansible/collections:/usr/share/ansible/collections
INFO     Set ANSIBLE_ROLES_PATH=/root/.cache/ansible-compat/b984a4/roles:/root/.ansible/roles:/usr/share/ansible/roles:/etc/ansible/roles
INFO     Using /root/.ansible/roles/netology.vector_role symlink to current repository in order to enable Ansible to find the role using its expected full name.
INFO     Running compatibility > destroy
INFO     Sanity checks: 'podman'
/opt/vector-role/.tox/py37-ansible30/lib/python3.7/site-packages/ansible/parsing/vault/__init__.py:44: CryptographyDeprecationWarning: Python 3.7 is no longer supported by the Python core team and support for it is deprecated in cryptography. The next release of cryptography will remove support for Python 3.7.
  from cryptography.exceptions import InvalidSignature
Using /root/.cache/molecule/vector-role/compatibility/ansible.cfg as config file

PLAY [Destroy] *****************************************************************

TASK [Populate instance config] ************************************************
/opt/vector-role/.tox/py37-ansible30/lib/python3.7/site-packages/ansible/parsing/vault/__init__.py:44: CryptographyDeprecationWarning: Python 3.7 is no longer supported by the Python core team and support for it is deprecated in cryptography. The next release of cryptography will remove support for Python 3.7.
  from cryptography.exceptions import InvalidSignature
/opt/vector-role/.tox/py37-ansible30/lib/python3.7/site-packages/paramiko/pkey.py:82: CryptographyDeprecationWarning: TripleDES has been moved to cryptography.hazmat.decrepit.ciphers.algorithms.TripleDES and will be removed from cryptography.hazmat.primitives.ciphers.algorithms in 48.0.0.
  "cipher": algorithms.TripleDES,
/opt/vector-role/.tox/py37-ansible30/lib/python3.7/site-packages/paramiko/transport.py:253: CryptographyDeprecationWarning: TripleDES has been moved to cryptography.hazmat.decrepit.ciphers.algorithms.TripleDES and will be removed from cryptography.hazmat.primitives.ciphers.algorithms in 48.0.0.
  "class": algorithms.TripleDES,
ok: [localhost] => {"ansible_facts": {"instance_conf": {}}, "changed": false}

TASK [Dump instance config] ****************************************************
skipping: [localhost] => {"changed": false, "skip_reason": "Conditional result was False"}

PLAY RECAP *********************************************************************
localhost                  : ok=1    changed=0    unreachable=0    failed=0    skipped=1    rescued=0    ignored=0

INFO     Running compatibility > syntax
Using /root/.cache/molecule/vector-role/compatibility/ansible.cfg as config file

playbook: /opt/vector-role/molecule/compatibility/converge.yml
/opt/vector-role/.tox/py37-ansible30/lib/python3.7/site-packages/ansible/parsing/vault/__init__.py:44: CryptographyDeprecationWarning: Python 3.7 is no longer supported by the Python core team and support for it is deprecated in cryptography. The next release of cryptography will remove support for Python 3.7.
  from cryptography.exceptions import InvalidSignature
/opt/vector-role/.tox/py37-ansible30/lib/python3.7/site-packages/paramiko/pkey.py:82: CryptographyDeprecationWarning: TripleDES has been moved to cryptography.hazmat.decrepit.ciphers.algorithms.TripleDES and will be removed from cryptography.hazmat.primitives.ciphers.algorithms in 48.0.0.
  "cipher": algorithms.TripleDES,
/opt/vector-role/.tox/py37-ansible30/lib/python3.7/site-packages/paramiko/transport.py:253: CryptographyDeprecationWarning: TripleDES has been moved to cryptography.hazmat.decrepit.ciphers.algorithms.TripleDES and will be removed from cryptography.hazmat.primitives.ciphers.algorithms in 48.0.0.
  "class": algorithms.TripleDES,
INFO     Running compatibility > create
Using /root/.cache/molecule/vector-role/compatibility/ansible.cfg as config file

PLAY [Create] ******************************************************************

TASK [Populate instance config dict] *******************************************
/opt/vector-role/.tox/py37-ansible30/lib/python3.7/site-packages/ansible/parsing/vault/__init__.py:44: CryptographyDeprecationWarning: Python 3.7 is no longer supported by the Python core team and support for it is deprecated in cryptography. The next release of cryptography will remove support for Python 3.7.
  from cryptography.exceptions import InvalidSignature
/opt/vector-role/.tox/py37-ansible30/lib/python3.7/site-packages/paramiko/pkey.py:82: CryptographyDeprecationWarning: TripleDES has been moved to cryptography.hazmat.decrepit.ciphers.algorithms.TripleDES and will be removed from cryptography.hazmat.primitives.ciphers.algorithms in 48.0.0.
  "cipher": algorithms.TripleDES,
/opt/vector-role/.tox/py37-ansible30/lib/python3.7/site-packages/paramiko/transport.py:253: CryptographyDeprecationWarning: TripleDES has been moved to cryptography.hazmat.decrepit.ciphers.algorithms.TripleDES and will be removed from cryptography.hazmat.primitives.ciphers.algorithms in 48.0.0.
  "class": algorithms.TripleDES,
skipping: [localhost] => {"changed": false, "skip_reason": "Conditional result was False"}

TASK [Convert instance config dict to a list] **********************************
skipping: [localhost] => {"changed": false, "skip_reason": "Conditional result was False"}

TASK [Dump instance config] ****************************************************
skipping: [localhost] => {"changed": false, "skip_reason": "Conditional result was False"}

PLAY RECAP *********************************************************************
localhost                  : ok=0    changed=0    unreachable=0    failed=0    skipped=3    rescued=0    ignored=0

INFO     Running compatibility > prepare
WARNING  Skipping, prepare playbook not configured.
INFO     Running compatibility > converge
Using /root/.cache/molecule/vector-role/compatibility/ansible.cfg as config file

PLAY [Converge] ****************************************************************

TASK [Gathering Facts] *********************************************************
/opt/vector-role/.tox/py37-ansible30/lib/python3.7/site-packages/ansible/parsing/vault/__init__.py:44: CryptographyDeprecationWarning: Python 3.7 is no longer supported by the Python core team and support for it is deprecated in cryptography. The next release of cryptography will remove support for Python 3.7.
  from cryptography.exceptions import InvalidSignature
/opt/vector-role/.tox/py37-ansible30/lib/python3.7/site-packages/paramiko/pkey.py:82: CryptographyDeprecationWarning: TripleDES has been moved to cryptography.hazmat.decrepit.ciphers.algorithms.TripleDES and will be removed from cryptography.hazmat.primitives.ciphers.algorithms in 48.0.0.
  "cipher": algorithms.TripleDES,
/opt/vector-role/.tox/py37-ansible30/lib/python3.7/site-packages/paramiko/transport.py:253: CryptographyDeprecationWarning: TripleDES has been moved to cryptography.hazmat.decrepit.ciphers.algorithms.TripleDES and will be removed from cryptography.hazmat.primitives.ciphers.algorithms in 48.0.0.
  "class": algorithms.TripleDES,
fatal: [instance]: UNREACHABLE! => {"changed": false, "msg": "Failed to create temporary directory.In some cases, you may have been able to authenticate and did not have permissions on the target directory. Consider changing the remote tmp path in ansible.cfg to a path rooted in \"/tmp\", for more error information use -vvv. Failed command was: ( umask 77 && mkdir -p \"` echo ~/.ansible/tmp `\"&& mkdir \"` echo ~/.ansible/tmp/ansible-tmp-1785703870.092312-313-144655580237180 `\" && echo ansible-tmp-1785703870.092312-313-144655580237180=\"` echo ~/.ansible/tmp/ansible-tmp-1785703870.092312-313-144655580237180 `\" ), exited with result 125", "unreachable": true}

PLAY RECAP *********************************************************************
instance                   : ok=0    changed=0    unreachable=1    failed=0    skipped=0    rescued=0    ignored=0

WARNING  Retrying execution failure 4 of: ansible-playbook --inventory /root/.cache/molecule/vector-role/compatibility/inventory --skip-tags molecule-notest,notest /opt/vector-role/molecule/compatibility/converge.yml
CRITICAL Ansible return code was 4, command was: ['ansible-playbook', '--inventory', '/root/.cache/molecule/vector-role/compatibility/inventory', '--skip-tags', 'molecule-notest,notest', '/opt/vector-role/molecule/compatibility/converge.yml']
WARNING  An error occurred during the test sequence action: 'converge'. Cleaning up.
INFO     Running compatibility > cleanup
WARNING  Skipping, cleanup playbook not configured.
INFO     Running compatibility > destroy
Using /root/.cache/molecule/vector-role/compatibility/ansible.cfg as config file

PLAY [Destroy] *****************************************************************

TASK [Populate instance config] ************************************************
/opt/vector-role/.tox/py37-ansible30/lib/python3.7/site-packages/ansible/parsing/vault/__init__.py:44: CryptographyDeprecationWarning: Python 3.7 is no longer supported by the Python core team and support for it is deprecated in cryptography. The next release of cryptography will remove support for Python 3.7.
  from cryptography.exceptions import InvalidSignature
/opt/vector-role/.tox/py37-ansible30/lib/python3.7/site-packages/paramiko/pkey.py:82: CryptographyDeprecationWarning: TripleDES has been moved to cryptography.hazmat.decrepit.ciphers.algorithms.TripleDES and will be removed from cryptography.hazmat.primitives.ciphers.algorithms in 48.0.0.
  "cipher": algorithms.TripleDES,
/opt/vector-role/.tox/py37-ansible30/lib/python3.7/site-packages/paramiko/transport.py:253: CryptographyDeprecationWarning: TripleDES has been moved to cryptography.hazmat.decrepit.ciphers.algorithms.TripleDES and will be removed from cryptography.hazmat.primitives.ciphers.algorithms in 48.0.0.
  "class": algorithms.TripleDES,
ok: [localhost] => {"ansible_facts": {"instance_conf": {}}, "changed": false}

TASK [Dump instance config] ****************************************************
skipping: [localhost] => {"changed": false, "skip_reason": "Conditional result was False"}

PLAY RECAP *********************************************************************
localhost                  : ok=1    changed=0    unreachable=0    failed=0    skipped=1    rescued=0    ignored=0

INFO     Pruning extra files from scenario ephemeral directory
ERROR: InvocationError for command /opt/vector-role/.tox/py37-ansible30/bin/molecule test -s compatibility --destroy always (exited with code 1)
py39-ansible210 create: /opt/vector-role/.tox/py39-ansible210
py39-ansible210 installdeps: -rtox-requirements.txt, ansible<3.0
py39-ansible210 installed: ansible==2.10.7,ansible-base==2.10.17,ansible-compat==24.10.0,ansible-core==2.15.13,attrs==26.1.0,bracex==2.6,cffi==2.0.0,click==8.1.8,click-help-colors==0.9.4,cryptography==50.0.0,distro==1.9.0,enrich==1.2.7,importlib-resources==5.0.7,Jinja2==3.1.6,jmespath==1.1.0,jsonschema==4.25.1,jsonschema-specifications==2025.9.1,lxml==6.1.1,markdown-it-py==3.0.0,MarkupSafe==3.0.3,mdurl==0.1.2,molecule==6.0.3,molecule-podman==2.0.3,packaging==26.2,pluggy==1.6.0,pycparser==2.23,Pygments==2.20.0,PyYAML==6.0.3,referencing==0.36.2,resolvelib==1.0.1,rich==15.0.0,rpds-py==0.27.1,selinux==0.3.0,subprocess-tee==0.4.2,typing_extensions==4.16.0,wcmatch==10.1
py39-ansible210 run-test-pre: PYTHONHASHSEED='1292784775'
py39-ansible210 run-test: commands[0] | molecule test -s compatibility --destroy always
WARNING  Driver podman does not provide a schema.
INFO     compatibility scenario test matrix: destroy, syntax, create, prepare, converge, verify, destroy
INFO     Performing prerun with role_name_check=0...
ERROR    CompletedProcess(args=['ansible-galaxy', 'collection', 'list', '--format=json'], returncode=250, stdout='the full traceback was:\n\nTraceback (most recent call last):\n  File "/opt/vector-role/.tox/py39-ansible210/bin/ansible-galaxy", line 92, in <module>\n    mycli = getattr(__import__("ansible.cli.%s" % sub, fromlist=), myclass)\n  File "/opt/vector-role/.tox/py39-ansible210/lib/python3.9/site-packages/ansible/cli/galaxy.py", line 24, in <module>\n    from ansible.galaxy.collection import (\n  File "/opt/vector-role/.tox/py39-ansible210/lib/python3.9/site-packages/ansible/galaxy/collection/__init__.py", line 90, in <module>\n    from ansible.galaxy.collection.concrete_artifact_manager import (\n  File "/opt/vector-role/.tox/py39-ansible210/lib/python3.9/site-packages/ansible/galaxy/collection/concrete_artifact_manager.py", line 30, in <module>\n    from ansible.galaxy.api import should_retry_error\nImportError: cannot import name \'should_retry_error\' from \'ansible.galaxy.api\' (/opt/vector-role/.tox/py39-ansible210/lib/python3.9/site-packages/ansible/galaxy/api.py)\n', stderr="ERROR! Unexpected Exception, this is probably a bug: cannot import name 'should_retry_error' from 'ansible.galaxy.api' (/opt/vector-role/.tox/py39-ansible210/lib/python3.9/site-packages/ansible/galaxy/api.py)\n")
Traceback (most recent call last):
  File "/opt/vector-role/.tox/py39-ansible210/bin/molecule", line 8, in <module>
    sys.exit(main())
  File "/opt/vector-role/.tox/py39-ansible210/lib/python3.9/site-packages/click/core.py", line 1161, in __call__
    return self.main(*args, **kwargs)
  File "/opt/vector-role/.tox/py39-ansible210/lib/python3.9/site-packages/click/core.py", line 1082, in main
    rv = self.invoke(ctx)
  File "/opt/vector-role/.tox/py39-ansible210/lib/python3.9/site-packages/click/core.py", line 1697, in invoke
    return _process_result(sub_ctx.command.invoke(sub_ctx))
  File "/opt/vector-role/.tox/py39-ansible210/lib/python3.9/site-packages/click/core.py", line 1443, in invoke
    return ctx.invoke(self.callback, **ctx.params)
  File "/opt/vector-role/.tox/py39-ansible210/lib/python3.9/site-packages/click/core.py", line 788, in invoke
    return __callback(*args, **kwargs)
  File "/opt/vector-role/.tox/py39-ansible210/lib/python3.9/site-packages/click/decorators.py", line 33, in new_func
    return f(get_current_context(), *args, **kwargs)
  File "/opt/vector-role/.tox/py39-ansible210/lib/python3.9/site-packages/molecule/command/test.py", line 113, in test
    base.execute_cmdline_scenarios(scenario_name, args, command_args, ansible_args)
  File "/opt/vector-role/.tox/py39-ansible210/lib/python3.9/site-packages/molecule/command/base.py", line 113, in execute_cmdline_scenarios
    scenario.config.runtime.prepare_environment(
  File "/opt/vector-role/.tox/py39-ansible210/lib/python3.9/site-packages/ansible_compat/runtime.py", line 726, in prepare_environment
    self.load_collections()
  File "/opt/vector-role/.tox/py39-ansible210/lib/python3.9/site-packages/ansible_compat/runtime.py", line 295, in load_collections
    raise RuntimeError(msg)
RuntimeError: Unable to list collections: CompletedProcess(args=['ansible-galaxy', 'collection', 'list', '--format=json'], returncode=250, stdout='the full traceback was:\n\nTraceback (most recent call last):\n  File "/opt/vector-role/.tox/py39-ansible210/bin/ansible-galaxy", line 92, in <module>\n    mycli = getattr(__import__("ansible.cli.%s" % sub, fromlist=[myclass]), myclass)\n  File "/opt/vector-role/.tox/py39-ansible210/lib/python3.9/site-packages/ansible/cli/galaxy.py", line 24, in <module>\n    from ansible.galaxy.collection import (\n  File "/opt/vector-role/.tox/py39-ansible210/lib/python3.9/site-packages/ansible/galaxy/collection/__init__.py", line 90, in <module>\n    from ansible.galaxy.collection.concrete_artifact_manager import (\n  File "/opt/vector-role/.tox/py39-ansible210/lib/python3.9/site-packages/ansible/galaxy/collection/concrete_artifact_manager.py", line 30, in <module>\n    from ansible.galaxy.api import should_retry_error\nImportError: cannot import name \'should_retry_error\' from \'ansible.galaxy.api\' (/opt/vector-role/.tox/py39-ansible210/lib/python3.9/site-packages/ansible/galaxy/api.py)\n', stderr="ERROR! Unexpected Exception, this is probably a bug: cannot import name 'should_retry_error' from 'ansible.galaxy.api' (/opt/vector-role/.tox/py39-ansible210/lib/python3.9/site-packages/ansible/galaxy/api.py)\n")
ERROR: InvocationError for command /opt/vector-role/.tox/py39-ansible210/bin/molecule test -s compatibility --destroy always (exited with code 1)
py39-ansible30 create: /opt/vector-role/.tox/py39-ansible30
py39-ansible30 installdeps: -rtox-requirements.txt, ansible<3.1
py39-ansible30 installed: ansible==3.0.0,ansible-base==2.10.17,ansible-compat==24.10.0,ansible-core==2.15.13,attrs==26.1.0,bracex==2.6,cffi==2.0.0,click==8.1.8,click-help-colors==0.9.4,cryptography==50.0.0,distro==1.9.0,enrich==1.2.7,importlib-resources==5.0.7,Jinja2==3.1.6,jmespath==1.1.0,jsonschema==4.25.1,jsonschema-specifications==2025.9.1,lxml==6.1.1,markdown-it-py==3.0.0,MarkupSafe==3.0.3,mdurl==0.1.2,molecule==6.0.3,molecule-podman==2.0.3,packaging==26.2,pluggy==1.6.0,pycparser==2.23,Pygments==2.20.0,PyYAML==6.0.3,referencing==0.36.2,resolvelib==1.0.1,rich==15.0.0,rpds-py==0.27.1,selinux==0.3.0,subprocess-tee==0.4.2,typing_extensions==4.16.0,wcmatch==10.1
py39-ansible30 run-test-pre: PYTHONHASHSEED='1292784775'
py39-ansible30 run-test: commands[0] | molecule test -s compatibility --destroy always
WARNING  Driver podman does not provide a schema.
INFO     compatibility scenario test matrix: destroy, syntax, create, prepare, converge, verify, destroy
INFO     Performing prerun with role_name_check=0...
ERROR    CompletedProcess(args=['ansible-galaxy', 'collection', 'list', '--format=json'], returncode=250, stdout='the full traceback was:\n\nTraceback (most recent call last):\n  File "/opt/vector-role/.tox/py39-ansible30/bin/ansible-galaxy", line 92, in <module>\n    mycli = getattr(__import__("ansible.cli.%s" % sub, fromlist=), myclass)\n  File "/opt/vector-role/.tox/py39-ansible30/lib/python3.9/site-packages/ansible/cli/galaxy.py", line 24, in <module>\n    from ansible.galaxy.collection import (\n  File "/opt/vector-role/.tox/py39-ansible30/lib/python3.9/site-packages/ansible/galaxy/collection/__init__.py", line 90, in <module>\n    from ansible.galaxy.collection.concrete_artifact_manager import (\n  File "/opt/vector-role/.tox/py39-ansible30/lib/python3.9/site-packages/ansible/galaxy/collection/concrete_artifact_manager.py", line 30, in <module>\n    from ansible.galaxy.api import should_retry_error\nImportError: cannot import name \'should_retry_error\' from \'ansible.galaxy.api\' (/opt/vector-role/.tox/py39-ansible30/lib/python3.9/site-packages/ansible/galaxy/api.py)\n', stderr="ERROR! Unexpected Exception, this is probably a bug: cannot import name 'should_retry_error' from 'ansible.galaxy.api' (/opt/vector-role/.tox/py39-ansible30/lib/python3.9/site-packages/ansible/galaxy/api.py)\n")
Traceback (most recent call last):
  File "/opt/vector-role/.tox/py39-ansible30/bin/molecule", line 8, in <module>
    sys.exit(main())
  File "/opt/vector-role/.tox/py39-ansible30/lib/python3.9/site-packages/click/core.py", line 1161, in __call__
    return self.main(*args, **kwargs)
  File "/opt/vector-role/.tox/py39-ansible30/lib/python3.9/site-packages/click/core.py", line 1082, in main
    rv = self.invoke(ctx)
  File "/opt/vector-role/.tox/py39-ansible30/lib/python3.9/site-packages/click/core.py", line 1697, in invoke
    return _process_result(sub_ctx.command.invoke(sub_ctx))
  File "/opt/vector-role/.tox/py39-ansible30/lib/python3.9/site-packages/click/core.py", line 1443, in invoke
    return ctx.invoke(self.callback, **ctx.params)
  File "/opt/vector-role/.tox/py39-ansible30/lib/python3.9/site-packages/click/core.py", line 788, in invoke
    return __callback(*args, **kwargs)
  File "/opt/vector-role/.tox/py39-ansible30/lib/python3.9/site-packages/click/decorators.py", line 33, in new_func
    return f(get_current_context(), *args, **kwargs)
  File "/opt/vector-role/.tox/py39-ansible30/lib/python3.9/site-packages/molecule/command/test.py", line 113, in test
    base.execute_cmdline_scenarios(scenario_name, args, command_args, ansible_args)
  File "/opt/vector-role/.tox/py39-ansible30/lib/python3.9/site-packages/molecule/command/base.py", line 113, in execute_cmdline_scenarios
    scenario.config.runtime.prepare_environment(
  File "/opt/vector-role/.tox/py39-ansible30/lib/python3.9/site-packages/ansible_compat/runtime.py", line 726, in prepare_environment
    self.load_collections()
  File "/opt/vector-role/.tox/py39-ansible30/lib/python3.9/site-packages/ansible_compat/runtime.py", line 295, in load_collections
    raise RuntimeError(msg)
RuntimeError: Unable to list collections: CompletedProcess(args=['ansible-galaxy', 'collection', 'list', '--format=json'], returncode=250, stdout='the full traceback was:\n\nTraceback (most recent call last):\n  File "/opt/vector-role/.tox/py39-ansible30/bin/ansible-galaxy", line 92, in <module>\n    mycli = getattr(__import__("ansible.cli.%s" % sub, fromlist=[myclass]), myclass)\n  File "/opt/vector-role/.tox/py39-ansible30/lib/python3.9/site-packages/ansible/cli/galaxy.py", line 24, in <module>\n    from ansible.galaxy.collection import (\n  File "/opt/vector-role/.tox/py39-ansible30/lib/python3.9/site-packages/ansible/galaxy/collection/__init__.py", line 90, in <module>\n    from ansible.galaxy.collection.concrete_artifact_manager import (\n  File "/opt/vector-role/.tox/py39-ansible30/lib/python3.9/site-packages/ansible/galaxy/collection/concrete_artifact_manager.py", line 30, in <module>\n    from ansible.galaxy.api import should_retry_error\nImportError: cannot import name \'should_retry_error\' from \'ansible.galaxy.api\' (/opt/vector-role/.tox/py39-ansible30/lib/python3.9/site-packages/ansible/galaxy/api.py)\n', stderr="ERROR! Unexpected Exception, this is probably a bug: cannot import name 'should_retry_error' from 'ansible.galaxy.api' (/opt/vector-role/.tox/py39-ansible30/lib/python3.9/site-packages/ansible/galaxy/api.py)\n")
ERROR: InvocationError for command /opt/vector-role/.tox/py39-ansible30/bin/molecule test -s compatibility --destroy always (exited with code 1)
_________________________________________ summary _________________________________________
ERROR:   py37-ansible210: commands failed
ERROR:   py37-ansible30: commands failed
ERROR:   py39-ansible210: commands failed
ERROR:   py39-ansible30: commands failed
[root@3216c40e9a45 vector-role]# 
